// Jest Snapshot v1, https://goo.gl/fbAQLP

exports[`react test 1`] = `ShallowWrapper {}`;
